INFO:root:this in my very first code for logging
